Traceback (most recent call last):
  File "<frozen runpy>", line 198, in _run_module_as_main
  File "<frozen runpy>", line 88, in _run_code
  File "E:\PROGRAM_PROJECTS\SIH\anpr-new\rakshak\backend\.venv\Lib\site-packages\uvicorn\__main__.py", line 4, in <module>
    uvicorn.main()
  File "E:\PROGRAM_PROJECTS\SIH\anpr-new\rakshak\backend\.venv\Lib\site-packages\click\core.py", line 1631, in __call__
    return self.main(*args, **kwargs)
           ^^^^^^^^^^^^^^^^^^^^^^^^^^
  File "E:\PROGRAM_PROJECTS\SIH\anpr-new\rakshak\backend\.venv\Lib\site-packages\click\core.py", line 1552, in main
    rv = self.invoke(ctx)
         ^^^^^^^^^^^^^^^^
  File "E:\PROGRAM_PROJECTS\SIH\anpr-new\rakshak\backend\.venv\Lib\site-packages\click\core.py", line 1415, in invoke
    return ctx.invoke(self.callback, **ctx.params)
           ^^^^^^^^^^^^^^^^^^^^^^^^^^^^^^^^^^^^^^^
  File "E:\PROGRAM_PROJECTS\SIH\anpr-new\rakshak\backend\.venv\Lib\site-packages\click\core.py", line 910, in invoke
    return callback(*args, **kwargs)
           ^^^^^^^^^^^^^^^^^^^^^^^^^
  File "E:\PROGRAM_PROJECTS\SIH\anpr-new\rakshak\backend\.venv\Lib\site-packages\uvicorn\main.py", line 413, in main
    run(
  File "E:\PROGRAM_PROJECTS\SIH\anpr-new\rakshak\backend\.venv\Lib\site-packages\uvicorn\main.py", line 580, in run
    server.run()
  File "E:\PROGRAM_PROJECTS\SIH\anpr-new\rakshak\backend\.venv\Lib\site-packages\uvicorn\server.py", line 66, in run
    return asyncio.run(self.serve(sockets=sockets))
           ^^^^^^^^^^^^^^^^^^^^^^^^^^^^^^^^^^^^^^^^
  File "C:\Users\yashw\AppData\Local\Programs\Python\Python312\Lib\asyncio\runners.py", line 194, in run
    return runner.run(main)
           ^^^^^^^^^^^^^^^^
  File "C:\Users\yashw\AppData\Local\Programs\Python\Python312\Lib\asyncio\runners.py", line 118, in run
    return self._loop.run_until_complete(task)
           ^^^^^^^^^^^^^^^^^^^^^^^^^^^^^^^^^^^
  File "C:\Users\yashw\AppData\Local\Programs\Python\Python312\Lib\asyncio\base_events.py", line 664, in run_until_complete
    return future.result()
           ^^^^^^^^^^^^^^^
  File "E:\PROGRAM_PROJECTS\SIH\anpr-new\rakshak\backend\.venv\Lib\site-packages\uvicorn\server.py", line 70, in serve
    await self._serve(sockets)
  File "E:\PROGRAM_PROJECTS\SIH\anpr-new\rakshak\backend\.venv\Lib\site-packages\uvicorn\server.py", line 77, in _serve
    config.load()
  File "E:\PROGRAM_PROJECTS\SIH\anpr-new\rakshak\backend\.venv\Lib\site-packages\uvicorn\config.py", line 435, in load
    self.loaded_app = import_from_string(self.app)
                      ^^^^^^^^^^^^^^^^^^^^^^^^^^^^
  File "E:\PROGRAM_PROJECTS\SIH\anpr-new\rakshak\backend\.venv\Lib\site-packages\uvicorn\importer.py", line 22, in import_from_string
    raise exc from None
  File "E:\PROGRAM_PROJECTS\SIH\anpr-new\rakshak\backend\.venv\Lib\site-packages\uvicorn\importer.py", line 19, in import_from_string
    module = importlib.import_module(module_str)
             ^^^^^^^^^^^^^^^^^^^^^^^^^^^^^^^^^^^
  File "C:\Users\yashw\AppData\Local\Programs\Python\Python312\Lib\importlib\__init__.py", line 90, in import_module
    return _bootstrap._gcd_import(name[level:], package, level)
           ^^^^^^^^^^^^^^^^^^^^^^^^^^^^^^^^^^^^^^^^^^^^^^^^^^^^
  File "<frozen importlib._bootstrap>", line 1381, in _gcd_import
  File "<frozen importlib._bootstrap>", line 1354, in _find_and_load
  File "<frozen importlib._bootstrap>", line 1304, in _find_and_load_unlocked
  File "<frozen importlib._bootstrap>", line 488, in _call_with_frames_removed
  File "<frozen importlib._bootstrap>", line 1381, in _gcd_import
  File "<frozen importlib._bootstrap>", line 1354, in _find_and_load
  File "<frozen importlib._bootstrap>", line 1318, in _find_and_load_unlocked
ModuleNotFoundError: No module named 'app'
INFO:     Started server process [21808]
INFO:     Waiting for application startup.
INFO:     Application startup complete.
INFO:     Uvicorn running on http://0.0.0.0:8000 (Press CTRL+C to quit)
(trapped) error reading bcrypt version
Traceback (most recent call last):
  File "E:\PROGRAM_PROJECTS\SIH\anpr-new\rakshak\backend\.venv\Lib\site-packages\passlib\handlers\bcrypt.py", line 620, in _load_backend_mixin
    version = _bcrypt.__about__.__version__
              ^^^^^^^^^^^^^^^^^
AttributeError: module 'bcrypt' has no attribute '__about__'
INFO:     Shutting down
INFO:     Started server process [18960]
INFO:     Waiting for application startup.
INFO:     Application startup complete.
INFO:     Uvicorn running on http://0.0.0.0:8000 (Press CTRL+C to quit)
(trapped) error reading bcrypt version
Traceback (most recent call last):
  File "E:\PROGRAM_PROJECTS\SIH\anpr-new\rakshak\backend\.venv\Lib\site-packages\passlib\handlers\bcrypt.py", line 620, in _load_backend_mixin
    version = _bcrypt.__about__.__version__
              ^^^^^^^^^^^^^^^^^
AttributeError: module 'bcrypt' has no attribute '__about__'
